| points_to.cpp:26:19:26:19 | InitializeParameter[a] | a+0:0 | VariableAddress[a] | VariableAddress[a]+0:0 |
| points_to.cpp:26:29:26:29 | InitializeParameter[b] | b+0:0 | VariableAddress[b] | VariableAddress[b]+0:0 |
| points_to.cpp:26:39:26:39 | InitializeParameter[c] | c+0:0 | VariableAddress[c] | VariableAddress[c]+0:0 |
| points_to.cpp:26:47:26:47 | InitializeParameter[d] | d+0:0 | VariableAddress[d] | VariableAddress[d]+0:0 |
| points_to.cpp:26:61:26:61 | InitializeParameter[e] | e+0:0 | VariableAddress[e] | VariableAddress[e]+0:0 |
| points_to.cpp:26:75:26:75 | InitializeParameter[f] | f+0:0 | VariableAddress[f] | VariableAddress[f]+0:0 |
| points_to.cpp:26:89:26:89 | InitializeParameter[g] | g+0:0 | VariableAddress[g] | VariableAddress[g]+0:0 |
| points_to.cpp:27:11:27:11 | Load | a+0:0 | VariableAddress[a] | VariableAddress[a]+0:0 |
| points_to.cpp:28:7:28:9 | Load | a+0:0 | VariableAddress[a] | VariableAddress[a]+0:0 |
| points_to.cpp:29:7:29:15 | Load | a+0:0 | VariableAddress[a] | VariableAddress[a]+0:0 |
| points_to.cpp:30:7:30:7 | Load | b+0:0 | VariableAddress[b] | VariableAddress[b]+0:0 |
| points_to.cpp:30:9:30:9 | Load | unknown | InitializeParameter[b] | InitializeParameter[b]+0:0 |
| points_to.cpp:31:7:31:7 | Load | b+0:0 | VariableAddress[b] | VariableAddress[b]+0:0 |
| points_to.cpp:31:9:31:9 | Load | unknown | InitializeParameter[b] | InitializeParameter[b]+4:0 |
| points_to.cpp:32:7:32:7 | Load | c+0:0 | VariableAddress[c] | VariableAddress[c]+0:0 |
| points_to.cpp:32:10:32:10 | Load | unknown | InitializeParameter[c] | InitializeParameter[c]+0:0 |
| points_to.cpp:33:7:33:7 | Load | c+0:0 | VariableAddress[c] | VariableAddress[c]+0:0 |
| points_to.cpp:33:10:33:10 | Load | unknown | InitializeParameter[c] | InitializeParameter[c]+4:0 |
| points_to.cpp:34:7:34:8 | Load | unknown | InitializeParameter[d] | InitializeParameter[d]+0:0 |
| points_to.cpp:34:8:34:8 | Load | d+0:0 | VariableAddress[d] | VariableAddress[d]+0:0 |
| points_to.cpp:35:7:35:14 | Load | unknown | InitializeParameter[d] | InitializeParameter[d]+0:0 |
| points_to.cpp:35:9:35:9 | Load | d+0:0 | VariableAddress[d] | VariableAddress[d]+0:0 |
| points_to.cpp:36:7:36:7 | Load | d+0:0 | VariableAddress[d] | VariableAddress[d]+0:0 |
| points_to.cpp:36:7:36:10 | Load | unknown | InitializeParameter[d] | InitializeParameter[d]+20:0 |
| points_to.cpp:37:7:37:10 | Load | unknown | InitializeParameter[d] | InitializeParameter[d]+20:0 |
| points_to.cpp:37:9:37:9 | Load | d+0:0 | VariableAddress[d] | VariableAddress[d]+0:0 |
| points_to.cpp:38:7:38:7 | Load | d+0:0 | VariableAddress[d] | VariableAddress[d]+0:0 |
| points_to.cpp:38:7:38:10 | Load | unknown | InitializeParameter[d] | PointerAdd[4]+0:0 |
| points_to.cpp:38:9:38:9 | Load | a+0:0 | VariableAddress[a] | VariableAddress[a]+0:0 |
| points_to.cpp:39:7:39:7 | Load | a+0:0 | VariableAddress[a] | VariableAddress[a]+0:0 |
| points_to.cpp:39:7:39:10 | Load | unknown | InitializeParameter[d] | PointerAdd[4]+0:0 |
| points_to.cpp:39:9:39:9 | Load | d+0:0 | VariableAddress[d] | VariableAddress[d]+0:0 |
| points_to.cpp:41:13:41:13 | Load | b+0:0 | VariableAddress[b] | VariableAddress[b]+0:0 |
| points_to.cpp:42:7:42:8 | Load | unknown | InitializeParameter[b] | InitializeParameter[b]+0:0 |
| points_to.cpp:43:8:43:8 | Load | b+0:0 | VariableAddress[b] | VariableAddress[b]+0:0 |
| points_to.cpp:44:7:44:8 | Load | unknown | InitializeParameter[b] | InitializeParameter[b]+4:0 |
| points_to.cpp:45:8:45:8 | Load | c+0:0 | VariableAddress[c] | VariableAddress[c]+0:0 |
| points_to.cpp:46:7:46:8 | Load | unknown | InitializeParameter[c] | InitializeParameter[c]+0:0 |
| points_to.cpp:47:8:47:8 | Load | c+0:0 | VariableAddress[c] | VariableAddress[c]+0:0 |
| points_to.cpp:48:7:48:8 | Load | unknown | InitializeParameter[c] | InitializeParameter[c]+4:0 |
| points_to.cpp:49:8:49:8 | Load | d+0:0 | VariableAddress[d] | VariableAddress[d]+0:0 |
| points_to.cpp:50:7:50:8 | Load | unknown | InitializeParameter[d] | InitializeParameter[d]+20:0 |
| points_to.cpp:51:8:51:8 | Load | d+0:0 | VariableAddress[d] | VariableAddress[d]+0:0 |
| points_to.cpp:51:10:51:10 | Load | a+0:0 | VariableAddress[a] | VariableAddress[a]+0:0 |
| points_to.cpp:52:7:52:8 | Load | unknown | InitializeParameter[d] | PointerAdd[4]+0:0 |
| points_to.cpp:54:15:54:15 | Load | c+0:0 | VariableAddress[c] | VariableAddress[c]+0:0 |
| points_to.cpp:54:17:54:17 | Load | a+0:0 | VariableAddress[a] | VariableAddress[a]+0:0 |
| points_to.cpp:55:10:55:10 | Load | unknown | InitializeParameter[c] | PointerAdd[8]+0:0 |
| points_to.cpp:56:10:56:10 | Load | unknown | InitializeParameter[c] | PointerAdd[8]+4:0 |
| points_to.cpp:58:7:58:7 | Load | e+0:0 | VariableAddress[e] | VariableAddress[e]+0:0 |
| points_to.cpp:58:10:58:11 | Load | unknown | InitializeParameter[e] | InitializeParameter[e]+0:0 |
| points_to.cpp:59:7:59:7 | Load | e+0:0 | VariableAddress[e] | VariableAddress[e]+0:0 |
| points_to.cpp:59:10:59:12 | Load | unknown | InitializeParameter[e] | InitializeParameter[e]+4:0 |
| points_to.cpp:60:7:60:7 | Load | f+0:0 | VariableAddress[f] | VariableAddress[f]+0:0 |
| points_to.cpp:60:10:60:11 | Load | unknown | InitializeParameter[f] | InitializeParameter[f]+0:0 |
| points_to.cpp:61:7:61:7 | Load | f+0:0 | VariableAddress[f] | VariableAddress[f]+0:0 |
| points_to.cpp:61:10:61:11 | Load | unknown | InitializeParameter[f] | InitializeParameter[f]+4:0 |
| points_to.cpp:62:7:62:7 | Load | f+0:0 | VariableAddress[f] | VariableAddress[f]+0:0 |
| points_to.cpp:62:10:62:12 | Load | unknown | InitializeParameter[f] | InitializeParameter[f]+8:0 |
| points_to.cpp:63:7:63:7 | Load | g+0:0 | VariableAddress[g] | VariableAddress[g]+0:0 |
| points_to.cpp:63:10:63:11 | Load | unknown | InitializeParameter[g] | ConvertToVirtualBase[DerivedVI : Base1]+0:0 |
| points_to.cpp:64:7:64:7 | Load | g+0:0 | VariableAddress[g] | VariableAddress[g]+0:0 |
| points_to.cpp:64:10:64:12 | Load | unknown | InitializeParameter[g] | InitializeParameter[g]+8:0 |
